
> web-app-be@1.0.0 build
> tsc

src/routes/index.ts(7,25): error TS2304: Cannot find name 'studentRoutes'.
src/routes/index.ts(8,24): error TS2304: Cannot find name 'courseRoutes'.
src/routes/studentRoutes.ts(3,3): error TS2305: Module '"../controllers/studentController"' has no exported member 'getAllUsers'.
src/routes/studentRoutes.ts(4,3): error TS2305: Module '"../controllers/studentController"' has no exported member 'getUserById'.
